2026-03-11 23:15:08 | INFO     | ======================================================================
2026-03-11 23:15:08 | INFO     | WSN-DS DEEP LEARNING IDS — PYTORCH PIPELINE
2026-03-11 23:15:08 | INFO     | ======================================================================
2026-03-11 23:15:08 | INFO     | Run Dir    : /root/amlan/Iot/runs/2026_03_11__23_15_08
2026-03-11 23:15:08 | INFO     | Timestamp  : 2026_03_11__23_15_08
2026-03-11 23:15:08 | INFO     | PyTorch    : 2.10.0+cu128
2026-03-11 23:15:08 | INFO     | Device     : cuda:1
2026-03-11 23:15:08 | INFO     |   GPU 0    : NVIDIA H100 PCIe (84.9 GB)
2026-03-11 23:15:08 | INFO     |   GPU 1    : NVIDIA H100 PCIe (84.9 GB)
2026-03-11 23:15:08 | INFO     | ======================================================================
2026-03-11 23:15:08 | INFO     | STEP 1/7 — DATA LOADING
2026-03-11 23:15:08 | INFO     | ======================================================================
2026-03-11 23:15:09 | INFO     | ✓ Shape       : 374,661 × 19
2026-03-11 23:15:09 | INFO     | ✓ Load time   : 0.77s
2026-03-11 23:15:09 | INFO     | ✓ Target col  : 'Attack type'
2026-03-11 23:15:09 | INFO     | 
📊 Class Distribution:
2026-03-11 23:15:09 | INFO     |    Normal              :  340,066 (90.77%)
2026-03-11 23:15:09 | INFO     |    Grayhole            :   14,596 (3.90%)
2026-03-11 23:15:09 | INFO     |    Blackhole           :   10,049 (2.68%)
2026-03-11 23:15:09 | INFO     |    TDMA                :    6,638 (1.77%)
2026-03-11 23:15:09 | INFO     |    Flooding            :    3,312 (0.88%)
2026-03-11 23:15:09 | INFO     | ✓ No missing values
2026-03-11 23:15:10 | INFO     | ✓ Classes (5): {'Blackhole': 0, 'Flooding': 1, 'Grayhole': 2, 'Normal': 3, 'TDMA': 4}
2026-03-11 23:15:11 | INFO     | ✓ Features: 18 → 33
2026-03-11 23:15:12 | INFO     |   Train: 299,728 | Test: 74,933
2026-03-11 23:15:12 | INFO     | STEP 3/7 — SMOTE BALANCING
2026-03-11 23:15:12 | INFO     |   Before: {np.int64(0): 8039, np.int64(1): 2650, np.int64(2): 11677, np.int64(3): 272052, np.int64(4): 5310}
2026-03-11 23:15:20 | INFO     |   After : {np.int64(0): 10000, np.int64(1): 10000, np.int64(2): 11677, np.int64(3): 272052, np.int64(4): 10000}
2026-03-11 23:15:20 | INFO     | ✓ Scaler saved
2026-03-11 23:15:20 | INFO     | 
======================================================================
2026-03-11 23:15:20 | INFO     | STEP 5/7 — DEEP LEARNING TRAINING
2026-03-11 23:15:20 | INFO     | ======================================================================
2026-03-11 23:15:20 | INFO     | 
============================================================
2026-03-11 23:15:20 | INFO     | TRAINING: LSTM
2026-03-11 23:15:20 | INFO     | ============================================================
2026-03-11 23:15:20 | INFO     |   Parameters  : 135,429
2026-03-11 23:15:20 | INFO     |   Device      : cuda:1
2026-03-11 23:15:20 | INFO     |   Epochs      : 30
2026-03-11 23:15:25 | INFO     |   Epoch   1/30 | Train: loss=0.2984 acc=0.9454 | Val: loss=0.0850 acc=0.9736 | LR=0.001000
2026-03-11 23:15:29 | INFO     |   Epoch   2/30 | Train: loss=0.0703 acc=0.9753 | Val: loss=0.0578 acc=0.9776 | LR=0.001000
2026-03-11 23:15:32 | INFO     |   Epoch   3/30 | Train: loss=0.0547 acc=0.9786 | Val: loss=0.0492 acc=0.9804 | LR=0.001000
2026-03-11 23:15:36 | INFO     |   Epoch   4/30 | Train: loss=0.0493 acc=0.9802 | Val: loss=0.0457 acc=0.9817 | LR=0.001000
2026-03-11 23:15:39 | INFO     |   Epoch   5/30 | Train: loss=0.0475 acc=0.9802 | Val: loss=0.0445 acc=0.9822 | LR=0.001000
2026-03-11 23:15:42 | INFO     |   Epoch   6/30 | Train: loss=0.0455 acc=0.9815 | Val: loss=0.0451 acc=0.9808 | LR=0.001000
2026-03-11 23:15:45 | INFO     |   Epoch   7/30 | Train: loss=0.0443 acc=0.9825 | Val: loss=0.0427 acc=0.9828 | LR=0.001000
2026-03-11 23:15:48 | INFO     |   Epoch   8/30 | Train: loss=0.0432 acc=0.9833 | Val: loss=0.0401 acc=0.9855 | LR=0.001000
2026-03-11 23:15:51 | INFO     |   Epoch   9/30 | Train: loss=0.0419 acc=0.9842 | Val: loss=0.0404 acc=0.9852 | LR=0.001000
2026-03-11 23:15:54 | INFO     |   Epoch  10/30 | Train: loss=0.0414 acc=0.9844 | Val: loss=0.0389 acc=0.9863 | LR=0.001000
2026-03-11 23:15:57 | INFO     |   Epoch  11/30 | Train: loss=0.0406 acc=0.9849 | Val: loss=0.0379 acc=0.9858 | LR=0.001000
2026-03-11 23:16:00 | INFO     |   Epoch  12/30 | Train: loss=0.0401 acc=0.9851 | Val: loss=0.0380 acc=0.9861 | LR=0.001000
2026-03-11 23:16:03 | INFO     |   Epoch  13/30 | Train: loss=0.0400 acc=0.9851 | Val: loss=0.0376 acc=0.9855 | LR=0.001000
2026-03-11 23:16:06 | INFO     |   Epoch  14/30 | Train: loss=0.0398 acc=0.9850 | Val: loss=0.0388 acc=0.9865 | LR=0.001000
2026-03-11 23:16:09 | INFO     |   Epoch  15/30 | Train: loss=0.0393 acc=0.9855 | Val: loss=0.0378 acc=0.9863 | LR=0.001000
2026-03-11 23:16:12 | INFO     |   Epoch  16/30 | Train: loss=0.0395 acc=0.9853 | Val: loss=0.0371 acc=0.9864 | LR=0.001000
2026-03-11 23:16:15 | INFO     |   Epoch  17/30 | Train: loss=0.0389 acc=0.9853 | Val: loss=0.0372 acc=0.9862 | LR=0.001000
2026-03-11 23:16:18 | INFO     |   Epoch  18/30 | Train: loss=0.0391 acc=0.9854 | Val: loss=0.0371 acc=0.9849 | LR=0.001000
2026-03-11 23:16:22 | INFO     |   Epoch  19/30 | Train: loss=0.0390 acc=0.9856 | Val: loss=0.0384 acc=0.9860 | LR=0.001000
2026-03-11 23:16:25 | INFO     |   Epoch  20/30 | Train: loss=0.0388 acc=0.9856 | Val: loss=0.0372 acc=0.9863 | LR=0.001000
2026-03-11 23:16:28 | INFO     |   Epoch  21/30 | Train: loss=0.0387 acc=0.9857 | Val: loss=0.0372 acc=0.9859 | LR=0.001000
2026-03-11 23:16:31 | INFO     |   Epoch  22/30 | Train: loss=0.0384 acc=0.9858 | Val: loss=0.0368 acc=0.9858 | LR=0.001000
2026-03-11 23:16:35 | INFO     |   Epoch  23/30 | Train: loss=0.0386 acc=0.9858 | Val: loss=0.0362 acc=0.9859 | LR=0.001000
2026-03-11 23:16:38 | INFO     |   Epoch  24/30 | Train: loss=0.0378 acc=0.9863 | Val: loss=0.0358 acc=0.9871 | LR=0.001000
2026-03-11 23:16:42 | INFO     |   Epoch  25/30 | Train: loss=0.0380 acc=0.9862 | Val: loss=0.0358 acc=0.9871 | LR=0.001000
2026-03-11 23:16:45 | INFO     |   Epoch  26/30 | Train: loss=0.0378 acc=0.9863 | Val: loss=0.0355 acc=0.9883 | LR=0.001000
2026-03-11 23:16:49 | INFO     |   Epoch  27/30 | Train: loss=0.0380 acc=0.9864 | Val: loss=0.0364 acc=0.9873 | LR=0.001000
2026-03-11 23:16:53 | INFO     |   Epoch  28/30 | Train: loss=0.0375 acc=0.9865 | Val: loss=0.0353 acc=0.9878 | LR=0.001000
2026-03-11 23:16:57 | INFO     |   Epoch  29/30 | Train: loss=0.0379 acc=0.9865 | Val: loss=0.0348 acc=0.9879 | LR=0.001000
2026-03-11 23:17:00 | INFO     |   Epoch  30/30 | Train: loss=0.0373 acc=0.9866 | Val: loss=0.0353 acc=0.9871 | LR=0.001000
2026-03-11 23:17:00 | INFO     | ✓ Best val acc : 0.9883 (epoch 26)
2026-03-11 23:17:00 | INFO     | ✓ Train time   : 98.1s (1.6 min)
2026-03-11 23:17:01 | INFO     | 
📊 LSTM
2026-03-11 23:17:01 | INFO     |    Train Acc : 0.9866
2026-03-11 23:17:01 | INFO     |    Val Acc   : 0.9883
2026-03-11 23:17:01 | INFO     |    Test Acc  : 0.9893
2026-03-11 23:17:01 | INFO     |    F1 Score  : 0.9893
2026-03-11 23:17:01 | INFO     | 
              precision    recall  f1-score   support

   Blackhole       0.84      0.89      0.86      2010
    Flooding       0.91      1.00      0.95       662
    Grayhole       0.91      0.87      0.89      2919
      Normal       1.00      1.00      1.00     68014
        TDMA       1.00      0.93      0.96      1328

    accuracy                           0.99     74933
   macro avg       0.93      0.94      0.93     74933
weighted avg       0.99      0.99      0.99     74933

2026-03-11 23:17:01 | INFO     | 
============================================================
2026-03-11 23:17:01 | INFO     | TRAINING: BiLSTM
2026-03-11 23:17:01 | INFO     | ============================================================
2026-03-11 23:17:01 | INFO     |   Parameters  : 336,133
2026-03-11 23:17:01 | INFO     |   Device      : cuda:1
2026-03-11 23:17:01 | INFO     |   Epochs      : 30
2026-03-11 23:17:05 | INFO     |   Epoch   1/30 | Train: loss=0.2853 acc=0.9498 | Val: loss=0.0783 acc=0.9750 | LR=0.001000
2026-03-11 23:17:08 | INFO     |   Epoch   2/30 | Train: loss=0.0644 acc=0.9772 | Val: loss=0.0521 acc=0.9803 | LR=0.001000
2026-03-11 23:17:12 | INFO     |   Epoch   3/30 | Train: loss=0.0522 acc=0.9794 | Val: loss=0.0470 acc=0.9794 | LR=0.001000
2026-03-11 23:17:16 | INFO     |   Epoch   4/30 | Train: loss=0.0478 acc=0.9808 | Val: loss=0.0446 acc=0.9812 | LR=0.001000
2026-03-11 23:17:20 | INFO     |   Epoch   5/30 | Train: loss=0.0460 acc=0.9809 | Val: loss=0.0431 acc=0.9818 | LR=0.001000
2026-03-11 23:17:23 | INFO     |   Epoch   6/30 | Train: loss=0.0452 acc=0.9813 | Val: loss=0.0428 acc=0.9831 | LR=0.001000
2026-03-11 23:17:27 | INFO     |   Epoch   7/30 | Train: loss=0.0435 acc=0.9822 | Val: loss=0.0415 acc=0.9847 | LR=0.001000
2026-03-11 23:17:31 | INFO     |   Epoch   8/30 | Train: loss=0.0426 acc=0.9835 | Val: loss=0.0417 acc=0.9845 | LR=0.001000
2026-03-11 23:17:35 | INFO     |   Epoch   9/30 | Train: loss=0.0418 acc=0.9841 | Val: loss=0.0395 acc=0.9853 | LR=0.001000
2026-03-11 23:17:38 | INFO     |   Epoch  10/30 | Train: loss=0.0408 acc=0.9845 | Val: loss=0.0385 acc=0.9858 | LR=0.001000
2026-03-11 23:17:41 | INFO     |   Epoch  11/30 | Train: loss=0.0409 acc=0.9841 | Val: loss=0.0386 acc=0.9857 | LR=0.001000
2026-03-11 23:17:44 | INFO     |   Epoch  12/30 | Train: loss=0.0401 acc=0.9847 | Val: loss=0.0374 acc=0.9862 | LR=0.001000
2026-03-11 23:17:47 | INFO     |   Epoch  13/30 | Train: loss=0.0397 acc=0.9849 | Val: loss=0.0370 acc=0.9865 | LR=0.001000
2026-03-11 23:17:51 | INFO     |   Epoch  14/30 | Train: loss=0.0396 acc=0.9850 | Val: loss=0.0375 acc=0.9863 | LR=0.001000
2026-03-11 23:17:54 | INFO     |   Epoch  15/30 | Train: loss=0.0392 acc=0.9851 | Val: loss=0.0378 acc=0.9867 | LR=0.001000
2026-03-11 23:17:58 | INFO     |   Epoch  16/30 | Train: loss=0.0393 acc=0.9851 | Val: loss=0.0375 acc=0.9858 | LR=0.001000
2026-03-11 23:18:02 | INFO     |   Epoch  17/30 | Train: loss=0.0391 acc=0.9852 | Val: loss=0.0372 acc=0.9862 | LR=0.001000
2026-03-11 23:18:06 | INFO     |   Epoch  18/30 | Train: loss=0.0387 acc=0.9856 | Val: loss=0.0367 acc=0.9865 | LR=0.001000
2026-03-11 23:18:10 | INFO     |   Epoch  19/30 | Train: loss=0.0384 acc=0.9855 | Val: loss=0.0375 acc=0.9858 | LR=0.001000
2026-03-11 23:18:14 | INFO     |   Epoch  20/30 | Train: loss=0.0386 acc=0.9854 | Val: loss=0.0358 acc=0.9865 | LR=0.001000
2026-03-11 23:18:17 | INFO     |   Epoch  21/30 | Train: loss=0.0385 acc=0.9854 | Val: loss=0.0370 acc=0.9858 | LR=0.001000
2026-03-11 23:18:20 | INFO     |   Epoch  22/30 | Train: loss=0.0384 acc=0.9852 | Val: loss=0.0375 acc=0.9859 | LR=0.001000
2026-03-11 23:18:23 | INFO     |   Epoch  23/30 | Train: loss=0.0384 acc=0.9853 | Val: loss=0.0366 acc=0.9858 | LR=0.001000
2026-03-11 23:18:27 | INFO     |   Epoch  24/30 | Train: loss=0.0381 acc=0.9853 | Val: loss=0.0362 acc=0.9874 | LR=0.001000
2026-03-11 23:18:31 | INFO     |   Epoch  25/30 | Train: loss=0.0381 acc=0.9854 | Val: loss=0.0362 acc=0.9861 | LR=0.001000
2026-03-11 23:18:34 | INFO     |   Epoch  26/30 | Train: loss=0.0383 acc=0.9853 | Val: loss=0.0360 acc=0.9867 | LR=0.000500
2026-03-11 23:18:38 | INFO     |   Epoch  27/30 | Train: loss=0.0368 acc=0.9861 | Val: loss=0.0351 acc=0.9861 | LR=0.000500
2026-03-11 23:18:42 | INFO     |   Epoch  28/30 | Train: loss=0.0370 acc=0.9860 | Val: loss=0.0359 acc=0.9868 | LR=0.000500
2026-03-11 23:18:45 | INFO     |   Epoch  29/30 | Train: loss=0.0369 acc=0.9859 | Val: loss=0.0356 acc=0.9865 | LR=0.000500
2026-03-11 23:18:48 | INFO     |   Epoch  30/30 | Train: loss=0.0369 acc=0.9860 | Val: loss=0.0352 acc=0.9873 | LR=0.000500
2026-03-11 23:18:48 | INFO     | ✓ Best val acc : 0.9874 (epoch 24)
2026-03-11 23:18:48 | INFO     | ✓ Train time   : 107.4s (1.8 min)
2026-03-11 23:18:49 | INFO     | 
📊 BiLSTM
2026-03-11 23:18:49 | INFO     |    Train Acc : 0.9861
2026-03-11 23:18:49 | INFO     |    Val Acc   : 0.9874
2026-03-11 23:18:49 | INFO     |    Test Acc  : 0.9875
2026-03-11 23:18:49 | INFO     |    F1 Score  : 0.9876
2026-03-11 23:18:49 | INFO     | 
              precision    recall  f1-score   support

   Blackhole       0.78      0.91      0.84      2010
    Flooding       0.90      1.00      0.95       662
    Grayhole       0.92      0.81      0.86      2919
      Normal       1.00      1.00      1.00     68014
        TDMA       0.99      0.93      0.96      1328

    accuracy                           0.99     74933
   macro avg       0.92      0.93      0.92     74933
weighted avg       0.99      0.99      0.99     74933

2026-03-11 23:18:49 | INFO     | 
============================================================
2026-03-11 23:18:49 | INFO     | TRAINING: CNN_1D
2026-03-11 23:18:49 | INFO     | ============================================================
2026-03-11 23:18:49 | INFO     |   Parameters  : 54,469
2026-03-11 23:18:49 | INFO     |   Device      : cuda:1
2026-03-11 23:18:49 | INFO     |   Epochs      : 30
2026-03-11 23:18:52 | INFO     |   Epoch   1/30 | Train: loss=0.2878 acc=0.9092 | Val: loss=0.1429 acc=0.9414 | LR=0.001000
2026-03-11 23:18:56 | INFO     |   Epoch   2/30 | Train: loss=0.1012 acc=0.9638 | Val: loss=0.0703 acc=0.9762 | LR=0.001000
2026-03-11 23:18:59 | INFO     |   Epoch   3/30 | Train: loss=0.0749 acc=0.9726 | Val: loss=0.0577 acc=0.9808 | LR=0.001000
2026-03-11 23:19:02 | INFO     |   Epoch   4/30 | Train: loss=0.0659 acc=0.9762 | Val: loss=0.0577 acc=0.9800 | LR=0.001000
2026-03-11 23:19:05 | INFO     |   Epoch   5/30 | Train: loss=0.0613 acc=0.9780 | Val: loss=0.0508 acc=0.9824 | LR=0.001000
2026-03-11 23:19:09 | INFO     |   Epoch   6/30 | Train: loss=0.0576 acc=0.9795 | Val: loss=0.0478 acc=0.9832 | LR=0.001000
2026-03-11 23:19:12 | INFO     |   Epoch   7/30 | Train: loss=0.0558 acc=0.9798 | Val: loss=0.0545 acc=0.9782 | LR=0.001000
2026-03-11 23:19:15 | INFO     |   Epoch   8/30 | Train: loss=0.0537 acc=0.9813 | Val: loss=0.0461 acc=0.9839 | LR=0.001000
2026-03-11 23:19:19 | INFO     |   Epoch   9/30 | Train: loss=0.0509 acc=0.9821 | Val: loss=0.0431 acc=0.9851 | LR=0.001000
2026-03-11 23:19:22 | INFO     |   Epoch  10/30 | Train: loss=0.0502 acc=0.9824 | Val: loss=0.0445 acc=0.9846 | LR=0.001000
2026-03-11 23:19:26 | INFO     |   Epoch  11/30 | Train: loss=0.0490 acc=0.9830 | Val: loss=0.0420 acc=0.9855 | LR=0.001000
2026-03-11 23:19:29 | INFO     |   Epoch  12/30 | Train: loss=0.0480 acc=0.9832 | Val: loss=0.0452 acc=0.9857 | LR=0.001000
2026-03-11 23:19:32 | INFO     |   Epoch  13/30 | Train: loss=0.0469 acc=0.9840 | Val: loss=0.0447 acc=0.9828 | LR=0.001000
2026-03-11 23:19:35 | INFO     |   Epoch  14/30 | Train: loss=0.0460 acc=0.9845 | Val: loss=0.0397 acc=0.9867 | LR=0.001000
2026-03-11 23:19:38 | INFO     |   Epoch  15/30 | Train: loss=0.0457 acc=0.9848 | Val: loss=0.0416 acc=0.9859 | LR=0.001000
2026-03-11 23:19:42 | INFO     |   Epoch  16/30 | Train: loss=0.0443 acc=0.9848 | Val: loss=0.0449 acc=0.9829 | LR=0.001000
2026-03-11 23:19:45 | INFO     |   Epoch  17/30 | Train: loss=0.0434 acc=0.9853 | Val: loss=0.0368 acc=0.9884 | LR=0.001000
2026-03-11 23:19:48 | INFO     |   Epoch  18/30 | Train: loss=0.0427 acc=0.9857 | Val: loss=0.0360 acc=0.9882 | LR=0.001000
2026-03-11 23:19:51 | INFO     |   Epoch  19/30 | Train: loss=0.0425 acc=0.9857 | Val: loss=0.0417 acc=0.9835 | LR=0.001000
2026-03-11 23:19:54 | INFO     |   Epoch  20/30 | Train: loss=0.0415 acc=0.9862 | Val: loss=0.0379 acc=0.9880 | LR=0.001000
2026-03-11 23:19:57 | INFO     |   Epoch  21/30 | Train: loss=0.0414 acc=0.9862 | Val: loss=0.0484 acc=0.9827 | LR=0.001000
2026-03-11 23:20:00 | INFO     |   Epoch  22/30 | Train: loss=0.0411 acc=0.9864 | Val: loss=0.0374 acc=0.9877 | LR=0.001000
2026-03-11 23:20:03 | INFO     |   Epoch  23/30 | Train: loss=0.0400 acc=0.9869 | Val: loss=0.0372 acc=0.9887 | LR=0.001000
2026-03-11 23:20:07 | INFO     |   Epoch  24/30 | Train: loss=0.0399 acc=0.9872 | Val: loss=0.0352 acc=0.9887 | LR=0.001000
2026-03-11 23:20:10 | INFO     |   Epoch  25/30 | Train: loss=0.0396 acc=0.9870 | Val: loss=0.0345 acc=0.9886 | LR=0.001000
2026-03-11 23:20:13 | INFO     |   Epoch  26/30 | Train: loss=0.0389 acc=0.9876 | Val: loss=0.0348 acc=0.9881 | LR=0.001000
2026-03-11 23:20:16 | INFO     |   Epoch  27/30 | Train: loss=0.0380 acc=0.9879 | Val: loss=0.0347 acc=0.9888 | LR=0.001000
2026-03-11 23:20:19 | INFO     |   Epoch  28/30 | Train: loss=0.0381 acc=0.9876 | Val: loss=0.0349 acc=0.9902 | LR=0.001000
2026-03-11 23:20:22 | INFO     |   Epoch  29/30 | Train: loss=0.0379 acc=0.9880 | Val: loss=0.0335 acc=0.9884 | LR=0.001000
2026-03-11 23:20:25 | INFO     |   Epoch  30/30 | Train: loss=0.0378 acc=0.9879 | Val: loss=0.0334 acc=0.9905 | LR=0.001000
2026-03-11 23:20:25 | INFO     | ✓ Best val acc : 0.9905 (epoch 30)
2026-03-11 23:20:25 | INFO     | ✓ Train time   : 96.4s (1.6 min)
2026-03-11 23:20:26 | INFO     | 
📊 CNN_1D
2026-03-11 23:20:26 | INFO     |    Train Acc : 0.9880
2026-03-11 23:20:26 | INFO     |    Val Acc   : 0.9905
2026-03-11 23:20:26 | INFO     |    Test Acc  : 0.9915
2026-03-11 23:20:26 | INFO     |    F1 Score  : 0.9915
2026-03-11 23:20:26 | INFO     | 
              precision    recall  f1-score   support

   Blackhole       0.93      0.87      0.90      2010
    Flooding       0.91      1.00      0.95       662
    Grayhole       0.90      0.94      0.92      2919
      Normal       1.00      1.00      1.00     68014
        TDMA       0.99      0.93      0.96      1328

    accuracy                           0.99     74933
   macro avg       0.94      0.95      0.95     74933
weighted avg       0.99      0.99      0.99     74933

2026-03-11 23:20:26 | INFO     | 
============================================================
2026-03-11 23:20:26 | INFO     | TRAINING: CNN_BiLSTM
2026-03-11 23:20:26 | INFO     | ============================================================
2026-03-11 23:20:26 | INFO     |   Parameters  : 133,253
2026-03-11 23:20:26 | INFO     |   Device      : cuda:1
2026-03-11 23:20:26 | INFO     |   Epochs      : 30
2026-03-11 23:20:29 | INFO     |   Epoch   1/30 | Train: loss=0.2450 acc=0.9220 | Val: loss=0.0742 acc=0.9728 | LR=0.001000
2026-03-11 23:20:33 | INFO     |   Epoch   2/30 | Train: loss=0.0678 acc=0.9755 | Val: loss=0.0504 acc=0.9814 | LR=0.001000
2026-03-11 23:20:37 | INFO     |   Epoch   3/30 | Train: loss=0.0541 acc=0.9811 | Val: loss=0.0442 acc=0.9851 | LR=0.001000
2026-03-11 23:20:40 | INFO     |   Epoch   4/30 | Train: loss=0.0497 acc=0.9828 | Val: loss=0.0435 acc=0.9844 | LR=0.001000
2026-03-11 23:20:44 | INFO     |   Epoch   5/30 | Train: loss=0.0465 acc=0.9840 | Val: loss=0.0395 acc=0.9858 | LR=0.001000
2026-03-11 23:20:49 | INFO     |   Epoch   6/30 | Train: loss=0.0443 acc=0.9848 | Val: loss=0.0394 acc=0.9864 | LR=0.001000
2026-03-11 23:20:52 | INFO     |   Epoch   7/30 | Train: loss=0.0434 acc=0.9852 | Val: loss=0.0380 acc=0.9873 | LR=0.001000
2026-03-11 23:20:55 | INFO     |   Epoch   8/30 | Train: loss=0.0422 acc=0.9857 | Val: loss=0.0368 acc=0.9873 | LR=0.001000
2026-03-11 23:20:58 | INFO     |   Epoch   9/30 | Train: loss=0.0416 acc=0.9861 | Val: loss=0.0365 acc=0.9878 | LR=0.001000
2026-03-11 23:21:02 | INFO     |   Epoch  10/30 | Train: loss=0.0410 acc=0.9862 | Val: loss=0.0365 acc=0.9878 | LR=0.001000
2026-03-11 23:21:05 | INFO     |   Epoch  11/30 | Train: loss=0.0411 acc=0.9863 | Val: loss=0.0372 acc=0.9873 | LR=0.001000
2026-03-11 23:21:08 | INFO     |   Epoch  12/30 | Train: loss=0.0407 acc=0.9864 | Val: loss=0.0356 acc=0.9880 | LR=0.001000
2026-03-11 23:21:12 | INFO     |   Epoch  13/30 | Train: loss=0.0407 acc=0.9864 | Val: loss=0.0379 acc=0.9871 | LR=0.001000
2026-03-11 23:21:15 | INFO     |   Epoch  14/30 | Train: loss=0.0393 acc=0.9868 | Val: loss=0.0347 acc=0.9876 | LR=0.001000
2026-03-11 23:21:18 | INFO     |   Epoch  15/30 | Train: loss=0.0396 acc=0.9868 | Val: loss=0.0358 acc=0.9882 | LR=0.001000
2026-03-11 23:21:22 | INFO     |   Epoch  16/30 | Train: loss=0.0391 acc=0.9869 | Val: loss=0.0351 acc=0.9881 | LR=0.001000
2026-03-11 23:21:25 | INFO     |   Epoch  17/30 | Train: loss=0.0387 acc=0.9869 | Val: loss=0.0360 acc=0.9880 | LR=0.001000
2026-03-11 23:21:28 | INFO     |   Epoch  18/30 | Train: loss=0.0378 acc=0.9873 | Val: loss=0.0339 acc=0.9890 | LR=0.001000
2026-03-11 23:21:32 | INFO     |   Epoch  19/30 | Train: loss=0.0383 acc=0.9871 | Val: loss=0.0344 acc=0.9882 | LR=0.001000
2026-03-11 23:21:35 | INFO     |   Epoch  20/30 | Train: loss=0.0383 acc=0.9873 | Val: loss=0.0338 acc=0.9882 | LR=0.001000
2026-03-11 23:21:39 | INFO     |   Epoch  21/30 | Train: loss=0.0378 acc=0.9875 | Val: loss=0.0347 acc=0.9883 | LR=0.001000
2026-03-11 23:21:42 | INFO     |   Epoch  22/30 | Train: loss=0.0374 acc=0.9875 | Val: loss=0.0323 acc=0.9893 | LR=0.001000
2026-03-11 23:21:46 | INFO     |   Epoch  23/30 | Train: loss=0.0372 acc=0.9874 | Val: loss=0.0378 acc=0.9863 | LR=0.001000
2026-03-11 23:21:50 | INFO     |   Epoch  24/30 | Train: loss=0.0372 acc=0.9876 | Val: loss=0.0328 acc=0.9894 | LR=0.001000
2026-03-11 23:21:54 | INFO     |   Epoch  25/30 | Train: loss=0.0366 acc=0.9876 | Val: loss=0.0348 acc=0.9873 | LR=0.001000
2026-03-11 23:21:58 | INFO     |   Epoch  26/30 | Train: loss=0.0362 acc=0.9879 | Val: loss=0.0300 acc=0.9900 | LR=0.001000
2026-03-11 23:22:02 | INFO     |   Epoch  27/30 | Train: loss=0.0358 acc=0.9882 | Val: loss=0.0352 acc=0.9871 | LR=0.001000
2026-03-11 23:22:05 | INFO     |   Epoch  28/30 | Train: loss=0.0347 acc=0.9887 | Val: loss=0.0308 acc=0.9895 | LR=0.001000
2026-03-11 23:22:09 | INFO     |   Epoch  29/30 | Train: loss=0.0349 acc=0.9888 | Val: loss=0.0290 acc=0.9906 | LR=0.001000
2026-03-11 23:22:13 | INFO     |   Epoch  30/30 | Train: loss=0.0342 acc=0.9890 | Val: loss=0.0327 acc=0.9916 | LR=0.001000
2026-03-11 23:22:13 | INFO     | ✓ Best val acc : 0.9916 (epoch 30)
2026-03-11 23:22:13 | INFO     | ✓ Train time   : 106.8s (1.8 min)
2026-03-11 23:22:14 | INFO     | 
📊 CNN_BiLSTM
2026-03-11 23:22:14 | INFO     |    Train Acc : 0.9890
2026-03-11 23:22:14 | INFO     |    Val Acc   : 0.9916
2026-03-11 23:22:14 | INFO     |    Test Acc  : 0.9920
2026-03-11 23:22:14 | INFO     |    F1 Score  : 0.9920
2026-03-11 23:22:14 | INFO     | 
              precision    recall  f1-score   support

   Blackhole       0.90      0.92      0.91      2010
    Flooding       0.91      1.00      0.95       662
    Grayhole       0.93      0.92      0.93      2919
      Normal       1.00      1.00      1.00     68014
        TDMA       0.99      0.93      0.96      1328

    accuracy                           0.99     74933
   macro avg       0.95      0.95      0.95     74933
weighted avg       0.99      0.99      0.99     74933

2026-03-11 23:22:14 | INFO     | 
============================================================
2026-03-11 23:22:14 | INFO     | TRAINING: CNN_BiLSTM_Attention
2026-03-11 23:22:14 | INFO     | ============================================================
2026-03-11 23:22:14 | INFO     |   Parameters  : 137,622
2026-03-11 23:22:14 | INFO     |   Device      : cuda:1
2026-03-11 23:22:14 | INFO     |   Epochs      : 30
2026-03-11 23:22:17 | INFO     |   Epoch   1/30 | Train: loss=0.2858 acc=0.9047 | Val: loss=0.0812 acc=0.9699 | LR=0.001000
2026-03-11 23:22:22 | INFO     |   Epoch   2/30 | Train: loss=0.0663 acc=0.9756 | Val: loss=0.0481 acc=0.9829 | LR=0.001000
2026-03-11 23:22:26 | INFO     |   Epoch   3/30 | Train: loss=0.0506 acc=0.9822 | Val: loss=0.0404 acc=0.9870 | LR=0.001000
2026-03-11 23:22:29 | INFO     |   Epoch   4/30 | Train: loss=0.0459 acc=0.9843 | Val: loss=0.0383 acc=0.9867 | LR=0.001000
2026-03-11 23:22:33 | INFO     |   Epoch   5/30 | Train: loss=0.0432 acc=0.9856 | Val: loss=0.0382 acc=0.9872 | LR=0.001000
2026-03-11 23:22:37 | INFO     |   Epoch   6/30 | Train: loss=0.0422 acc=0.9861 | Val: loss=0.0363 acc=0.9873 | LR=0.001000
2026-03-11 23:22:41 | INFO     |   Epoch   7/30 | Train: loss=0.0409 acc=0.9868 | Val: loss=0.0369 acc=0.9878 | LR=0.001000
2026-03-11 23:22:46 | INFO     |   Epoch   8/30 | Train: loss=0.0395 acc=0.9870 | Val: loss=0.0458 acc=0.9848 | LR=0.001000
2026-03-11 23:22:50 | INFO     |   Epoch   9/30 | Train: loss=0.0393 acc=0.9871 | Val: loss=0.0348 acc=0.9887 | LR=0.001000
2026-03-11 23:22:55 | INFO     |   Epoch  10/30 | Train: loss=0.0386 acc=0.9874 | Val: loss=0.0382 acc=0.9859 | LR=0.001000
2026-03-11 23:22:58 | INFO     |   Epoch  11/30 | Train: loss=0.0382 acc=0.9875 | Val: loss=0.0382 acc=0.9873 | LR=0.001000
2026-03-11 23:23:03 | INFO     |   Epoch  12/30 | Train: loss=0.0375 acc=0.9876 | Val: loss=0.0387 acc=0.9861 | LR=0.001000
2026-03-11 23:23:07 | INFO     |   Epoch  13/30 | Train: loss=0.0378 acc=0.9875 | Val: loss=0.0376 acc=0.9867 | LR=0.001000
2026-03-11 23:23:11 | INFO     |   Epoch  14/30 | Train: loss=0.0369 acc=0.9879 | Val: loss=0.0333 acc=0.9890 | LR=0.001000
2026-03-11 23:23:15 | INFO     |   Epoch  15/30 | Train: loss=0.0373 acc=0.9877 | Val: loss=0.0374 acc=0.9872 | LR=0.001000
2026-03-11 23:23:19 | INFO     |   Epoch  16/30 | Train: loss=0.0366 acc=0.9878 | Val: loss=0.0336 acc=0.9881 | LR=0.001000
2026-03-11 23:23:24 | INFO     |   Epoch  17/30 | Train: loss=0.0354 acc=0.9886 | Val: loss=0.0392 acc=0.9882 | LR=0.001000
2026-03-11 23:23:29 | INFO     |   Epoch  18/30 | Train: loss=0.0358 acc=0.9883 | Val: loss=0.0360 acc=0.9873 | LR=0.001000
2026-03-11 23:23:33 | INFO     |   Epoch  19/30 | Train: loss=0.0351 acc=0.9886 | Val: loss=0.0321 acc=0.9885 | LR=0.001000
2026-03-11 23:23:38 | INFO     |   Epoch  20/30 | Train: loss=0.0343 acc=0.9890 | Val: loss=0.0284 acc=0.9913 | LR=0.001000
2026-03-11 23:23:42 | INFO     |   Epoch  21/30 | Train: loss=0.0341 acc=0.9892 | Val: loss=0.0297 acc=0.9904 | LR=0.001000
2026-03-11 23:23:47 | INFO     |   Epoch  22/30 | Train: loss=0.0337 acc=0.9893 | Val: loss=0.0268 acc=0.9919 | LR=0.001000
2026-03-11 23:23:52 | INFO     |   Epoch  23/30 | Train: loss=0.0331 acc=0.9896 | Val: loss=0.0265 acc=0.9919 | LR=0.001000
2026-03-11 23:23:56 | INFO     |   Epoch  24/30 | Train: loss=0.0330 acc=0.9899 | Val: loss=0.0287 acc=0.9915 | LR=0.001000
2026-03-11 23:24:01 | INFO     |   Epoch  25/30 | Train: loss=0.0329 acc=0.9898 | Val: loss=0.0290 acc=0.9917 | LR=0.001000
2026-03-11 23:24:05 | INFO     |   Epoch  26/30 | Train: loss=0.0318 acc=0.9903 | Val: loss=0.0261 acc=0.9920 | LR=0.001000
2026-03-11 23:24:10 | INFO     |   Epoch  27/30 | Train: loss=0.0310 acc=0.9909 | Val: loss=0.0278 acc=0.9907 | LR=0.001000
2026-03-11 23:24:14 | INFO     |   Epoch  28/30 | Train: loss=0.0315 acc=0.9905 | Val: loss=0.0262 acc=0.9935 | LR=0.001000
2026-03-11 23:24:18 | INFO     |   Epoch  29/30 | Train: loss=0.0304 acc=0.9909 | Val: loss=0.0269 acc=0.9917 | LR=0.001000
2026-03-11 23:24:22 | INFO     |   Epoch  30/30 | Train: loss=0.0303 acc=0.9913 | Val: loss=0.0243 acc=0.9934 | LR=0.001000
2026-03-11 23:24:22 | INFO     | ✓ Best val acc : 0.9935 (epoch 28)
2026-03-11 23:24:22 | INFO     | ✓ Train time   : 128.1s (2.1 min)
2026-03-11 23:24:23 | INFO     | 
📊 CNN_BiLSTM_Attention
2026-03-11 23:24:23 | INFO     |    Train Acc : 0.9913
2026-03-11 23:24:23 | INFO     |    Val Acc   : 0.9935
2026-03-11 23:24:23 | INFO     |    Test Acc  : 0.9942
2026-03-11 23:24:23 | INFO     |    F1 Score  : 0.9942
2026-03-11 23:24:23 | INFO     | 
              precision    recall  f1-score   support

   Blackhole       0.96      0.94      0.95      2010
    Flooding       0.91      1.00      0.95       662
    Grayhole       0.95      0.96      0.96      2919
      Normal       1.00      1.00      1.00     68014
        TDMA       1.00      0.93      0.96      1328

    accuracy                           0.99     74933
   macro avg       0.96      0.97      0.96     74933
weighted avg       0.99      0.99      0.99     74933

2026-03-11 23:24:23 | INFO     | 
============================================================
2026-03-11 23:24:23 | INFO     | TRAINING: Transformer_IDS
2026-03-11 23:24:23 | INFO     | ============================================================
2026-03-11 23:24:23 | INFO     |   Parameters  : 38,085
2026-03-11 23:24:23 | INFO     |   Device      : cuda:1
2026-03-11 23:24:23 | INFO     |   Epochs      : 30
2026-03-11 23:24:26 | INFO     |   Epoch   1/30 | Train: loss=0.3763 acc=0.8764 | Val: loss=0.2998 acc=0.8899 | LR=0.001000
2026-03-11 23:24:30 | INFO     |   Epoch   2/30 | Train: loss=0.2916 acc=0.8938 | Val: loss=0.2657 acc=0.9000 | LR=0.001000
2026-03-11 23:24:34 | INFO     |   Epoch   3/30 | Train: loss=0.2584 acc=0.9079 | Val: loss=0.2186 acc=0.9204 | LR=0.001000
2026-03-11 23:24:38 | INFO     |   Epoch   4/30 | Train: loss=0.2276 acc=0.9197 | Val: loss=0.2116 acc=0.9253 | LR=0.001000
2026-03-11 23:24:42 | INFO     |   Epoch   5/30 | Train: loss=0.2135 acc=0.9241 | Val: loss=0.1898 acc=0.9318 | LR=0.001000
2026-03-11 23:24:46 | INFO     |   Epoch   6/30 | Train: loss=0.2020 acc=0.9288 | Val: loss=0.1700 acc=0.9392 | LR=0.001000
2026-03-11 23:24:50 | INFO     |   Epoch   7/30 | Train: loss=0.1934 acc=0.9318 | Val: loss=0.1702 acc=0.9400 | LR=0.001000
2026-03-11 23:24:54 | INFO     |   Epoch   8/30 | Train: loss=0.1877 acc=0.9342 | Val: loss=0.1642 acc=0.9419 | LR=0.001000
2026-03-11 23:24:58 | INFO     |   Epoch   9/30 | Train: loss=0.1838 acc=0.9355 | Val: loss=0.1685 acc=0.9410 | LR=0.001000
2026-03-11 23:25:01 | INFO     |   Epoch  10/30 | Train: loss=0.1793 acc=0.9382 | Val: loss=0.1499 acc=0.9472 | LR=0.001000
2026-03-11 23:25:05 | INFO     |   Epoch  11/30 | Train: loss=0.1751 acc=0.9391 | Val: loss=0.1737 acc=0.9417 | LR=0.001000
2026-03-11 23:25:09 | INFO     |   Epoch  12/30 | Train: loss=0.1713 acc=0.9401 | Val: loss=0.1499 acc=0.9484 | LR=0.001000
2026-03-11 23:25:12 | INFO     |   Epoch  13/30 | Train: loss=0.1689 acc=0.9413 | Val: loss=0.1422 acc=0.9518 | LR=0.001000
2026-03-11 23:25:16 | INFO     |   Epoch  14/30 | Train: loss=0.1650 acc=0.9430 | Val: loss=0.1362 acc=0.9534 | LR=0.001000
2026-03-11 23:25:21 | INFO     |   Epoch  15/30 | Train: loss=0.1631 acc=0.9436 | Val: loss=0.1390 acc=0.9522 | LR=0.001000
2026-03-11 23:25:25 | INFO     |   Epoch  16/30 | Train: loss=0.1616 acc=0.9437 | Val: loss=0.1459 acc=0.9472 | LR=0.001000
2026-03-11 23:25:29 | INFO     |   Epoch  17/30 | Train: loss=0.1601 acc=0.9444 | Val: loss=0.1351 acc=0.9537 | LR=0.001000
2026-03-11 23:25:32 | INFO     |   Epoch  18/30 | Train: loss=0.1591 acc=0.9451 | Val: loss=0.1453 acc=0.9500 | LR=0.001000
2026-03-11 23:25:36 | INFO     |   Epoch  19/30 | Train: loss=0.1543 acc=0.9464 | Val: loss=0.1430 acc=0.9500 | LR=0.001000
2026-03-11 23:25:40 | INFO     |   Epoch  20/30 | Train: loss=0.1548 acc=0.9463 | Val: loss=0.1301 acc=0.9536 | LR=0.001000
2026-03-11 23:25:44 | INFO     |   Epoch  21/30 | Train: loss=0.1519 acc=0.9470 | Val: loss=0.1266 acc=0.9558 | LR=0.001000
2026-03-11 23:25:48 | INFO     |   Epoch  22/30 | Train: loss=0.1511 acc=0.9477 | Val: loss=0.1243 acc=0.9594 | LR=0.001000
2026-03-11 23:25:52 | INFO     |   Epoch  23/30 | Train: loss=0.1481 acc=0.9486 | Val: loss=0.1266 acc=0.9555 | LR=0.001000
2026-03-11 23:25:55 | INFO     |   Epoch  24/30 | Train: loss=0.1468 acc=0.9492 | Val: loss=0.1244 acc=0.9547 | LR=0.001000
2026-03-11 23:25:59 | INFO     |   Epoch  25/30 | Train: loss=0.1459 acc=0.9495 | Val: loss=0.1284 acc=0.9528 | LR=0.001000
2026-03-11 23:26:03 | INFO     |   Epoch  26/30 | Train: loss=0.1450 acc=0.9505 | Val: loss=0.1202 acc=0.9571 | LR=0.001000
2026-03-11 23:26:07 | INFO     |   Epoch  27/30 | Train: loss=0.1439 acc=0.9506 | Val: loss=0.1159 acc=0.9615 | LR=0.001000
2026-03-11 23:26:10 | INFO     |   Epoch  28/30 | Train: loss=0.1415 acc=0.9511 | Val: loss=0.1168 acc=0.9610 | LR=0.001000
2026-03-11 23:26:14 | INFO     |   Epoch  29/30 | Train: loss=0.1399 acc=0.9520 | Val: loss=0.1227 acc=0.9580 | LR=0.001000
2026-03-11 23:26:17 | INFO     |   Epoch  30/30 | Train: loss=0.1382 acc=0.9526 | Val: loss=0.1131 acc=0.9621 | LR=0.001000
2026-03-11 23:26:17 | INFO     | ✓ Best val acc : 0.9621 (epoch 30)
2026-03-11 23:26:17 | INFO     | ✓ Train time   : 114.5s (1.9 min)
2026-03-11 23:26:18 | INFO     | 
📊 Transformer_IDS
2026-03-11 23:26:18 | INFO     |    Train Acc : 0.9526
2026-03-11 23:26:18 | INFO     |    Val Acc   : 0.9621
2026-03-11 23:26:18 | INFO     |    Test Acc  : 0.9691
2026-03-11 23:26:18 | INFO     |    F1 Score  : 0.9686
2026-03-11 23:26:18 | INFO     | 
              precision    recall  f1-score   support

   Blackhole       0.81      0.75      0.78      2010
    Flooding       0.66      0.87      0.75       662
    Grayhole       0.85      0.71      0.77      2919
      Normal       0.99      0.99      0.99     68014
        TDMA       0.66      0.68      0.67      1328

    accuracy                           0.97     74933
   macro avg       0.79      0.80      0.79     74933
weighted avg       0.97      0.97      0.97     74933

2026-03-11 23:26:18 | INFO     | 
======================================================================
2026-03-11 23:26:18 | INFO     | STEP 6/7 — ML BASELINES
2026-03-11 23:26:18 | INFO     | ======================================================================
2026-03-11 23:26:28 | INFO     | 
📊 Random Forest
2026-03-11 23:26:28 | INFO     |    Test Acc  : 0.9929
2026-03-11 23:26:28 | INFO     |    F1 Score  : 0.9930
2026-03-11 23:26:28 | INFO     |    Train time: 8.8s
2026-03-11 23:26:28 | INFO     | 
              precision    recall  f1-score   support

   Blackhole       0.99      1.00      1.00      2010
    Flooding       0.91      1.00      0.95       662
    Grayhole       0.89      1.00      0.94      2919
      Normal       1.00      0.99      1.00     68014
        TDMA       0.99      0.93      0.96      1328

    accuracy                           0.99     74933
   macro avg       0.96      0.98      0.97     74933
weighted avg       0.99      0.99      0.99     74933

2026-03-11 23:26:28 | INFO     | ✓ Random Forest saved
2026-03-11 23:26:31 | INFO     | 
📊 XGBoost
2026-03-11 23:26:31 | INFO     |    Test Acc  : 0.9968
2026-03-11 23:26:31 | INFO     |    F1 Score  : 0.9968
2026-03-11 23:26:31 | INFO     |    Train time: 3.2s
2026-03-11 23:26:32 | INFO     | 
              precision    recall  f1-score   support

   Blackhole       0.98      1.00      0.99      2010
    Flooding       0.94      0.99      0.96       662
    Grayhole       0.99      0.98      0.98      2919
      Normal       1.00      1.00      1.00     68014
        TDMA       0.99      0.93      0.96      1328

    accuracy                           1.00     74933
   macro avg       0.98      0.98      0.98     74933
weighted avg       1.00      1.00      1.00     74933

2026-03-11 23:26:32 | INFO     | ✓ XGBoost saved
2026-03-11 23:26:32 | INFO     | 
======================================================================
2026-03-11 23:26:32 | INFO     | STEP 7/7 — SAVING & NOVEL CONTRIBUTIONS
2026-03-11 23:26:32 | INFO     | ======================================================================
2026-03-11 23:26:35 | INFO     | ✓ Saved: plots/training_history.png
2026-03-11 23:26:37 | INFO     | ✓ Saved: plots/model_comparison.png
2026-03-11 23:26:41 | INFO     | ✓ Saved 8 confusion matrices
2026-03-11 23:26:42 | INFO     | ✓ Saved: plots/roc_curves.png
2026-03-11 23:26:42 | INFO     | 
======================================================================
2026-03-11 23:26:42 | INFO     | NOVEL C1: MC DROPOUT UNCERTAINTY QUANTIFICATION
2026-03-11 23:26:42 | INFO     | ======================================================================
2026-03-11 23:26:44 | INFO     |   MC samples             : 30
2026-03-11 23:26:44 | INFO     |   Overall Accuracy       : 0.9944
2026-03-11 23:26:44 | INFO     |   High-Conf Accuracy     : 0.9984
2026-03-11 23:26:44 | INFO     |   Novel Flagged          : 205 (2.1%)
2026-03-11 23:26:44 | INFO     |   Avg Confidence         : 0.9781
2026-03-11 23:26:44 | INFO     |   Time                   : 1.3s
2026-03-11 23:26:44 | INFO     | 
  Per-Class:
2026-03-11 23:26:44 | INFO     |     Blackhole       | Conf:0.773 | Novel:121/259
2026-03-11 23:26:44 | INFO     |     Flooding        | Conf:0.934 | Novel:1/72
2026-03-11 23:26:44 | INFO     |     Grayhole        | Conf:0.882 | Novel:62/413
2026-03-11 23:26:44 | INFO     |     Normal          | Conf:0.989 | Novel:19/9079
2026-03-11 23:26:44 | INFO     |     TDMA            | Conf:0.983 | Novel:2/177
2026-03-11 23:26:45 | INFO     | ✓ Saved: plots/C1_uncertainty.png
2026-03-11 23:26:45 | INFO     | 
======================================================================
2026-03-11 23:26:45 | INFO     | NOVEL C2: CHUNK-BASED CONCEPT DRIFT DETECTION
2026-03-11 23:26:45 | INFO     | ======================================================================
2026-03-11 23:26:48 | INFO     |   ⚠️  DRIFT chunk 16 | Baseline:0.991 → Recent:0.960
2026-03-11 23:26:48 | INFO     |   🔄 Retrained on 14,984 samples
2026-03-11 23:26:49 | INFO     | 
  ✓ Done in 3.8s
2026-03-11 23:26:49 | INFO     |   Drift events   : 1
2026-03-11 23:26:49 | INFO     |   Retrains       : 1
2026-03-11 23:26:49 | INFO     |   Static avg     : 0.9775
2026-03-11 23:26:49 | INFO     |   Adaptive avg   : 0.9816
2026-03-11 23:26:49 | INFO     |   Improvement    : +0.40%
2026-03-11 23:26:50 | INFO     | ✓ Saved: plots/C2_concept_drift.png
2026-03-11 23:26:50 | INFO     | 
======================================================================
2026-03-11 23:26:50 | INFO     | NOVEL C3: ENERGY-COMPLEXITY TRADE-OFF FRAMEWORK
2026-03-11 23:26:50 | INFO     | ======================================================================
2026-03-11 23:26:50 | INFO     |   LSTM                           | Acc:0.9870 | Inf:11.48µs | Size:529KB | Score:0.4845 | 🟡 Gateway
2026-03-11 23:26:50 | INFO     |   BiLSTM                         | Acc:0.9850 | Inf:17.73µs | Size:1313KB | Score:0.1591 | 🔴 Cloud
2026-03-11 23:26:50 | INFO     |   CNN_1D                         | Acc:0.9880 | Inf:60.57µs | Size:213KB | Score:0.8325 | 🟢 Edge
2026-03-11 23:26:50 | INFO     |   CNN_BiLSTM                     | Acc:0.9890 | Inf:31.99µs | Size:521KB | Score:0.3575 | 🟡 Gateway
2026-03-11 23:26:50 | INFO     |   CNN_BiLSTM_Attention           | Acc:0.9930 | Inf:10.44µs | Size:538KB | Score:0.4989 | 🟡 Gateway
2026-03-11 23:26:50 | INFO     |   Transformer_IDS                | Acc:0.9640 | Inf:7.82µs | Size:149KB | Score:2.2826 | 🟢 Edge
2026-03-11 23:26:50 | INFO     |   Random Forest                  | Acc:0.9900 | Inf:122.64µs | Size:21986KB | Score:0.0038 | 🔴 Cloud
2026-03-11 23:26:50 | INFO     |   XGBoost                        | Acc:0.9970 | Inf:139.79µs | Size:1329KB | Score:0.0105 | 🔴 Cloud
2026-03-11 23:26:50 | INFO     | 
          model_name  accuracy  inf_time_us  model_size_kb  energy_score deployment_tier
     Transformer_IDS     0.964        7.816          148.8        2.2826          🟢 Edge
              CNN_1D     0.988       60.574          212.8        0.8325          🟢 Edge
CNN_BiLSTM_Attention     0.993       10.444          537.6        0.4989       🟡 Gateway
                LSTM     0.987       11.476          529.0        0.4845       🟡 Gateway
          CNN_BiLSTM     0.989       31.986          520.5        0.3575       🟡 Gateway
              BiLSTM     0.985       17.735         1313.0        0.1591         🔴 Cloud
             XGBoost     0.997      139.785         1329.3        0.0105         🔴 Cloud
       Random Forest     0.990      122.640        21986.0        0.0038         🔴 Cloud
2026-03-11 23:26:52 | INFO     | ✓ Saved: plots/C3_energy_tradeoff.png
2026-03-11 23:26:52 | INFO     | ✓ Saved: results/C3_energy.csv
2026-03-11 23:26:52 | INFO     | 
Running SHAP analysis...
2026-03-11 23:27:23 | INFO     | ✓ Saved: plots/shap_summary.png
2026-03-11 23:27:23 | INFO     | 
======================================================================
2026-03-11 23:27:23 | INFO     | ✅  PIPELINE COMPLETE
2026-03-11 23:27:23 | INFO     | ======================================================================
2026-03-11 23:27:23 | INFO     |   Total runtime : 0h 12m 14s
2026-03-11 23:27:23 | INFO     |   Run directory : /root/amlan/Iot/runs/2026_03_11__23_15_08
2026-03-11 23:27:23 | INFO     | 
🏆 Top 5 Models:
2026-03-11 23:27:23 | INFO     |                Model           Type  Test_Accuracy  F1_Score  Train_Time_s
             XGBoost Traditional ML       0.996810  0.996798          3.15
CNN_BiLSTM_Attention  Deep Learning       0.994222  0.994215        128.10
       Random Forest Traditional ML       0.992874  0.992993          8.81
          CNN_BiLSTM  Deep Learning       0.992046  0.992050        106.80
              CNN_1D  Deep Learning       0.991472  0.991462         96.40
2026-03-11 23:27:23 | INFO     | ✓ Saved: results/final_summary.json
